[    0.000000] Initializing cgroup subsys cpuset
[    0.000000] Initializing cgroup subsys cpu
[    0.000000] Initializing cgroup subsys cpuacct
[    0.000000] Linux version 4.4.0-165-generic (buildd@lgw01-amd64-027) (gcc version 5.4.0 20160609 (Ubuntu 5.4.0-6ubuntu1~16.04.10) ) #193-Ubuntu SMP Tue Sep 17 17:42:52 UTC 2019 (Ubuntu 4.4.0-165.193-generic 4.4.189)
[    0.000000] Command line: BOOT_IMAGE=/boot/vmlinuz-4.4.0-165-generic root=LABEL=cloudimg-rootfs ro console=tty1 console=ttyS0
[    0.000000] KERNEL supported cpus:
[    0.000000]   Intel GenuineIntel
[    0.000000]   AMD AuthenticAMD
[    0.000000]   Centaur CentaurHauls
[    0.000000] x86/fpu: xstate_offset[2]:  576, xstate_sizes[2]:  256
[    0.000000] x86/fpu: Supporting XSAVE feature 0x01: 'x87 floating point registers'
[    0.000000] x86/fpu: Supporting XSAVE feature 0x02: 'SSE registers'
[    0.000000] x86/fpu: Supporting XSAVE feature 0x04: 'AVX registers'
[    0.000000] x86/fpu: Enabled xstate features 0x7, context size is 832 bytes, using 'standard' format.
[    0.000000] e820: BIOS-provided physical RAM map:
[    0.000000] BIOS-e820: [mem 0x0000000000000000-0x000000000009fbff] usable
[    0.000000] BIOS-e820: [mem 0x000000000009fc00-0x000000000009ffff] reserved
[    0.000000] BIOS-e820: [mem 0x00000000000f0000-0x00000000000fffff] reserved
[    0.000000] BIOS-e820: [mem 0x0000000000100000-0x000000003ffeffff] usable
[    0.000000] BIOS-e820: [mem 0x000000003fff0000-0x000000003fffffff] ACPI data
[    0.000000] BIOS-e820: [mem 0x00000000fec00000-0x00000000fec00fff] reserved
[    0.000000] BIOS-e820: [mem 0x00000000fee00000-0x00000000fee00fff] reserved
[    0.000000] BIOS-e820: [mem 0x00000000fffc0000-0x00000000ffffffff] reserved
[    0.000000] NX (Execute Disable) protection: active
[    0.000000] SMBIOS 2.5 present.
[    0.000000] Hypervisor detected: KVM
[    0.000000] e820: last_pfn = 0x3fff0 max_arch_pfn = 0x400000000
[    0.000000] MTRR: Disabled
[    0.000000] x86/PAT: MTRRs disabled, skipping PAT initialization too.
[    0.000000] CPU MTRRs all blank - virtualized system.
[    0.000000] x86/PAT: Configuration [0-7]: WB  WT  UC- UC  WB  WT  UC- UC  
[    0.000000] found SMP MP-table at [mem 0x0009fff0-0x0009ffff] mapped at [ffff88000009fff0]
[    0.000000] Scanning 1 areas for low memory corruption
[    0.000000] RAMDISK: [mem 0x362fa000-0x37174fff]
[    0.000000] ACPI: Early table checksum verification disabled
[    0.000000] ACPI: RSDP 0x00000000000E0000 000024 (v02 VBOX  )
[    0.000000] ACPI: XSDT 0x000000003FFF0030 00003C (v01 VBOX   VBOXXSDT 00000001 ASL  00000061)
[    0.000000] ACPI: FACP 0x000000003FFF00F0 0000F4 (v04 VBOX   VBOXFACP 00000001 ASL  00000061)
[    0.000000] ACPI: DSDT 0x000000003FFF0470 0022EA (v02 VBOX   VBOXBIOS 00000002 INTL 20100528)
[    0.000000] ACPI: FACS 0x000000003FFF0200 000040
[    0.000000] ACPI: FACS 0x000000003FFF0200 000040
[    0.000000] ACPI: APIC 0x000000003FFF0240 00005C (v02 VBOX   VBOXAPIC 00000001 ASL  00000061)
[    0.000000] ACPI: SSDT 0x000000003FFF02A0 0001CC (v01 VBOX   VBOXCPUT 00000002 INTL 20100528)
[    0.000000] No NUMA configuration found
[    0.000000] Faking a node at [mem 0x0000000000000000-0x000000003ffeffff]
[    0.000000] NODE_DATA(0) allocated [mem 0x3ffeb000-0x3ffeffff]
[    0.000000] kvm-clock: Using msrs 4b564d01 and 4b564d00
[    0.000000] kvm-clock: cpu 0, msr 0:3ffe3001, primary cpu clock
[    0.000000] kvm-clock: using sched offset of 3951184237 cycles
[    0.000000] clocksource: kvm-clock: mask: 0xffffffffffffffff max_cycles: 0x1cd42e4dffb, max_idle_ns: 881590591483 ns
[    0.000000] Zone ranges:
[    0.000000]   DMA      [mem 0x0000000000001000-0x0000000000ffffff]
[    0.000000]   DMA32    [mem 0x0000000001000000-0x000000003ffeffff]
[    0.000000]   Normal   empty
[    0.000000]   Device   empty
[    0.000000] Movable zone start for each node
[    0.000000] Early memory node ranges
[    0.000000]   node   0: [mem 0x0000000000001000-0x000000000009efff]
[    0.000000]   node   0: [mem 0x0000000000100000-0x000000003ffeffff]
[    0.000000] Initmem setup node 0 [mem 0x0000000000001000-0x000000003ffeffff]
[    0.000000] ACPI: PM-Timer IO Port: 0x4008
[    0.000000] IOAPIC[0]: apic_id 2, version 32, address 0xfec00000, GSI 0-23
[    0.000000] ACPI: INT_SRC_OVR (bus 0 bus_irq 0 global_irq 2 dfl dfl)
[    0.000000] ACPI: INT_SRC_OVR (bus 0 bus_irq 9 global_irq 9 low level)
[    0.000000] Using ACPI (MADT) for SMP configuration information
[    0.000000] smpboot: Allowing 2 CPUs, 0 hotplug CPUs
[    0.000000] PM: Registered nosave memory: [mem 0x00000000-0x00000fff]
[    0.000000] PM: Registered nosave memory: [mem 0x0009f000-0x0009ffff]
[    0.000000] PM: Registered nosave memory: [mem 0x000a0000-0x000effff]
[    0.000000] PM: Registered nosave memory: [mem 0x000f0000-0x000fffff]
[    0.000000] e820: [mem 0x40000000-0xfebfffff] available for PCI devices
[    0.000000] Booting paravirtualized kernel on KVM
[    0.000000] clocksource: refined-jiffies: mask: 0xffffffff max_cycles: 0xffffffff, max_idle_ns: 7645519600211568 ns
[    0.000000] setup_percpu: NR_CPUS:512 nr_cpumask_bits:512 nr_cpu_ids:2 nr_node_ids:1
[    0.000000] PERCPU: Embedded 34 pages/cpu @ffff88003fc00000 s99544 r8192 d31528 u1048576
[    0.000000] Built 1 zonelists in Node order, mobility grouping on.  Total pages: 257912
[    0.000000] Policy zone: DMA32
[    0.000000] Kernel command line: BOOT_IMAGE=/boot/vmlinuz-4.4.0-165-generic root=LABEL=cloudimg-rootfs ro console=tty1 console=ttyS0
[    0.000000] PID hash table entries: 4096 (order: 3, 32768 bytes)
[    0.000000] Memory: 997732K/1048120K available (8621K kernel code, 1335K rwdata, 4032K rodata, 1484K init, 1284K bss, 50388K reserved, 0K cma-reserved)
[    0.000000] SLUB: HWalign=64, Order=0-3, MinObjects=0, CPUs=2, Nodes=1
[    0.000000] Kernel/User page tables isolation: enabled
[    0.000000] Hierarchical RCU implementation.
[    0.000000] 	Build-time adjustment of leaf fanout to 64.
[    0.000000] 	RCU restricting CPUs from NR_CPUS=512 to nr_cpu_ids=2.
[    0.000000] RCU: Adjusting geometry for rcu_fanout_leaf=64, nr_cpu_ids=2
[    0.000000] NR_IRQS:33024 nr_irqs:440 16
[    0.000000] Console: colour VGA+ 80x25
[    0.000000] console [tty1] enabled
[    0.000000] console [ttyS0] enabled
[    0.000000] tsc: Detected 2712.002 MHz processor
[    0.300010] Calibrating delay loop (skipped) preset value.. 5424.00 BogoMIPS (lpj=10848008)
[    0.302397] pid_max: default: 32768 minimum: 301
[    0.303807] ACPI: Core revision 20150930
[    0.307958] ACPI: 2 ACPI AML tables successfully acquired and loaded
[    0.309789] Security Framework initialized
[    0.310986] Yama: becoming mindful.
[    0.312059] AppArmor: AppArmor initialized
[    0.313277] Dentry cache hash table entries: 131072 (order: 8, 1048576 bytes)
[    0.321284] Inode-cache hash table entries: 65536 (order: 7, 524288 bytes)
[    0.323252] Mount-cache hash table entries: 2048 (order: 2, 16384 bytes)
[    0.325090] Mountpoint-cache hash table entries: 2048 (order: 2, 16384 bytes)
[    0.327069] Initializing cgroup subsys io
[    0.328445] Initializing cgroup subsys memory
[    0.329736] Initializing cgroup subsys devices
[    0.331335] Initializing cgroup subsys freezer
[    0.332645] Initializing cgroup subsys net_cls
[    0.333961] Initializing cgroup subsys perf_event
[    0.335424] Initializing cgroup subsys net_prio
[    0.336749] Initializing cgroup subsys hugetlb
[    0.338173] Initializing cgroup subsys pids
[    0.341890] mce: CPU supports 0 MCE banks
[    0.343096] Last level iTLB entries: 4KB 64, 2MB 8, 4MB 8
[    0.344479] Last level dTLB entries: 4KB 64, 2MB 0, 4MB 0, 1GB 4
[    0.345985] Spectre V1 : Mitigation: usercopy/swapgs barriers and __user pointer sanitization
[    0.348379] Spectre V2 : Mitigation: Full generic retpoline
[    0.350120] Spectre V2 : Spectre v2 / SpectreRSB mitigation: Filling RSB on context switch
[    0.352644] Speculative Store Bypass: Vulnerable
[    0.354078] MDS: Vulnerable: Clear CPU buffers attempted, no microcode
[    0.361726] Freeing SMP alternatives memory: 36K
[    0.374864] ftrace: allocating 32318 entries in 127 pages
[    0.497859] smpboot: APIC(0) Converting physical 0 to logical package 0
[    0.502087] smpboot: Max logical packages: 1
[    0.505634] x2apic enabled
[    0.508348] Switched APIC routing to physical x2apic.
[    0.514805] ..TIMER: vector=0x30 apic1=0 pin1=2 apic2=-1 pin2=-1
[    0.623523] smpboot: CPU0: Intel(R) Core(TM) i5-7200U CPU @ 2.50GHz (family: 0x6, model: 0x8e, stepping: 0x9)
[    0.629376] Performance Events: unsupported p6 CPU model 142 no PMU driver, software events only.
[    0.662456] KVM setup paravirtual spinlock
[    0.667190] x86: Booting SMP configuration:
[    0.670257] .... node  #0, CPUs:      #1
[    0.673388] kvm-clock: cpu 1, msr 0:3ffe3041, secondary cpu clock
[    0.679129] mce: CPU supports 0 MCE banks
[    0.682648] x86: Booted up 1 node, 2 CPUs
[    0.686714] smpboot: Total of 2 processors activated (10848.00 BogoMIPS)
[    0.693345] devtmpfs: initialized
[    0.700752] evm: security.selinux
[    0.704368] evm: security.SMACK64
[    0.707990] evm: security.SMACK64EXEC
[    0.710724] evm: security.SMACK64TRANSMUTE
[    0.714588] evm: security.SMACK64MMAP
[    0.718626] evm: security.ima
[    0.722153] evm: security.capability
[    0.725864] clocksource: jiffies: mask: 0xffffffff max_cycles: 0xffffffff, max_idle_ns: 7645041785100000 ns
[    0.733160] futex hash table entries: 512 (order: 3, 32768 bytes)
[    0.738322] pinctrl core: initialized pinctrl subsystem
[    0.742971] RTC time:  8:48:30, date: 10/16/19
[    0.746852] NET: Registered protocol family 16
[    0.759858] cpuidle: using governor ladder
[    0.775795] cpuidle: using governor menu
[    0.779437] PCCT header not found.
[    0.783402] ACPI: bus type PCI registered
[    0.786438] acpiphp: ACPI Hot Plug PCI Controller Driver version: 0.5
[    0.791190] PCI: Using configuration type 1 for base access
[    0.809560] ACPI: Added _OSI(Module Device)
[    0.812654] ACPI: Added _OSI(Processor Device)
[    0.815949] ACPI: Added _OSI(3.0 _SCP Extensions)
[    0.819582] ACPI: Added _OSI(Processor Aggregator Device)
[    0.825621] ACPI: Executed 1 blocks of module-level executable AML code
[    0.837318] ACPI: Interpreter enabled
[    0.840460] ACPI: (supports S0 S5)
[    0.843491] ACPI: Using IOAPIC for interrupt routing
[    0.847419] PCI: Using host bridge windows from ACPI; if necessary, use "pci=nocrs" and report a bug
[    0.868360] ACPI: PCI Root Bridge [PCI0] (domain 0000 [bus 00-ff])
[    0.872440] acpi PNP0A03:00: _OSC: OS supports [ASPM ClockPM Segments MSI]
[    0.877913] acpi PNP0A03:00: _OSC: not requesting OS control; OS requires [ExtendedConfig ASPM ClockPM MSI]
[    0.884260] acpi PNP0A03:00: fail to add MMCONFIG information, can't access extended PCI configuration space under this bridge.
[    0.892501] PCI host bridge to bus 0000:00
[    0.895677] pci_bus 0000:00: root bus resource [io  0x0000-0x0cf7 window]
[    0.899501] pci_bus 0000:00: root bus resource [io  0x0d00-0xffff window]
[    0.903555] pci_bus 0000:00: root bus resource [mem 0x000a0000-0x000bffff window]
[    0.908812] pci_bus 0000:00: root bus resource [mem 0x40000000-0xfdffffff window]
[    0.913958] pci_bus 0000:00: root bus resource [bus 00-ff]
[    0.921733] pci 0000:00:01.1: legacy IDE quirk: reg 0x10: [io  0x01f0-0x01f7]
[    0.926044] pci 0000:00:01.1: legacy IDE quirk: reg 0x14: [io  0x03f6]
[    0.929876] pci 0000:00:01.1: legacy IDE quirk: reg 0x18: [io  0x0170-0x0177]
[    0.933188] pci 0000:00:01.1: legacy IDE quirk: reg 0x1c: [io  0x0376]
[    0.985084] pci 0000:00:07.0: quirk: [io  0x4000-0x403f] claimed by PIIX4 ACPI
[    0.987924] pci 0000:00:07.0: quirk: [io  0x4100-0x410f] claimed by PIIX4 SMB
[    1.008737] ACPI: PCI Interrupt Link [LNKA] (IRQs 5 9 10 *11)
[    1.012852] ACPI: PCI Interrupt Link [LNKB] (IRQs 5 9 *10 11)
[    1.015839] ACPI: PCI Interrupt Link [LNKC] (IRQs 5 *9 10 11)
[    1.018490] ACPI: PCI Interrupt Link [LNKD] (IRQs 5 9 10 *11)
[    1.021370] ACPI: Enabled 2 GPEs in block 00 to 07
[    1.023850] vgaarb: setting as boot device: PCI:0000:00:02.0
[    1.026123] vgaarb: device added: PCI:0000:00:02.0,decodes=io+mem,owns=io+mem,locks=none
[    1.029516] vgaarb: loaded
[    1.030733] vgaarb: bridge control possible 0000:00:02.0
[    1.032841] SCSI subsystem initialized
[    1.034458] ACPI: bus type USB registered
[    1.035898] usbcore: registered new interface driver usbfs
[    1.037731] usbcore: registered new interface driver hub
[    1.039393] usbcore: registered new device driver usb
[    1.041419] PCI: Using ACPI for IRQ routing
[    1.044472] NetLabel: Initializing
[    1.045869] NetLabel:  domain hash size = 128
[    1.047346] NetLabel:  protocols = UNLABELED CIPSOv4
[    1.054155] NetLabel:  unlabeled traffic allowed by default
[    1.056335] amd_nb: Cannot enumerate AMD northbridges
[    1.058099] clocksource: Switched to clocksource kvm-clock
[    1.078605] AppArmor: AppArmor Filesystem Enabled
[    1.081675] pnp: PnP ACPI init
[    1.085005] pnp: PnP ACPI: found 3 devices
[    1.104254] clocksource: acpi_pm: mask: 0xffffff max_cycles: 0xffffff, max_idle_ns: 2085701024 ns
[    1.107093] NET: Registered protocol family 2
[    1.108677] TCP established hash table entries: 8192 (order: 4, 65536 bytes)
[    1.110563] TCP bind hash table entries: 8192 (order: 5, 131072 bytes)
[    1.112270] TCP: Hash tables configured (established 8192 bind 8192)
[    1.113986] UDP hash table entries: 512 (order: 2, 16384 bytes)
[    1.115678] UDP-Lite hash table entries: 512 (order: 2, 16384 bytes)
[    1.117408] NET: Registered protocol family 1
[    1.118803] pci 0000:00:00.0: Limiting direct PCI/PCI transfers
[    1.120621] pci 0000:00:01.0: Activating ISA DMA hang workarounds
[    1.122567] Unpacking initramfs...
[    1.543250] Freeing initrd memory: 14828K
[    1.544989] clocksource: tsc: mask: 0xffffffffffffffff max_cycles: 0x2717880cafa, max_idle_ns: 440795252614 ns
[    1.548790] platform rtc_cmos: registered platform RTC device (no PNP device found)
[    1.551910] Scanning for low memory corruption every 60 seconds
[    1.553955] audit: initializing netlink subsys (disabled)
[    1.555583] audit: type=2000 audit(1571215716.520:1): initialized
[    1.557477] Initialise system trusted keyring
[    1.558965] HugeTLB registered 2 MB page size, pre-allocated 0 pages
[    1.562617] zbud: loaded
[    1.564515] VFS: Disk quotas dquot_6.6.0
[    1.566119] VFS: Dquot-cache hash table entries: 512 (order 0, 4096 bytes)
[    1.568617] squashfs: version 4.0 (2009/01/31) Phillip Lougher
[    1.571337] fuse init (API version 7.23)
[    1.573405] Key type big_key registered
[    1.575469] Allocating IMA MOK and blacklist keyrings.
[    1.581677] Key type asymmetric registered
[    1.583273] Asymmetric key parser 'x509' registered
[    1.584964] Block layer SCSI generic (bsg) driver version 0.4 loaded (major 249)
[    1.588232] io scheduler noop registered
[    1.589770] io scheduler deadline registered (default)
[    1.591809] io scheduler cfq registered
[    1.593728] pci_hotplug: PCI Hot Plug PCI Core version: 0.5
[    1.596176] pciehp: PCI Express Hot Plug Controller Driver version: 0.4
[    1.598509] ACPI: AC Adapter [AC] (off-line)
[    1.600026] input: Power Button as /devices/LNXSYSTM:00/LNXPWRBN:00/input/input0
[    1.602745] ACPI: Power Button [PWRF]
[    1.604516] input: Sleep Button as /devices/LNXSYSTM:00/LNXSLPBN:00/input/input1
[    1.607409] ACPI: Sleep Button [SLPF]
[    1.610673] GHES: HEST is not enabled!
[    1.610887] ACPI: Battery Slot [BAT0] (battery present)
[    1.614180] Serial: 8250/16550 driver, 32 ports, IRQ sharing enabled
[    1.637671] 00:02: ttyS0 at I/O 0x3f8 (irq = 4, base_baud = 115200) is a 16550A
[    1.648039] Linux agpgart interface v0.103
[    1.655909] loop: module loaded
[    1.658324] scsi host0: ata_piix
[    1.660119] scsi host1: ata_piix
[    1.661818] ata1: PATA max UDMA/33 cmd 0x1f0 ctl 0x3f6 bmdma 0xd000 irq 14
[    1.663933] ata2: PATA max UDMA/33 cmd 0x170 ctl 0x376 bmdma 0xd008 irq 15
[    1.666267] libphy: Fixed MDIO Bus: probed
[    1.668413] tun: Universal TUN/TAP device driver, 1.6
[    1.670090] tun: (C) 1999-2004 Max Krasnyansky <maxk@qualcomm.com>
[    1.672805] PPP generic driver version 2.4.2
[    1.674602] ehci_hcd: USB 2.0 'Enhanced' Host Controller (EHCI) Driver
[    1.676751] ehci-pci: EHCI PCI platform driver
[    1.678255] ehci-platform: EHCI generic platform driver
[    1.680315] ohci_hcd: USB 1.1 'Open' Host Controller (OHCI) Driver
[    1.682376] ohci-pci: OHCI PCI platform driver
[    1.684151] ohci-platform: OHCI generic platform driver
[    1.686029] uhci_hcd: USB Universal Host Controller Interface driver
[    1.688192] i8042: PNP: PS/2 Controller [PNP0303:PS2K,PNP0f03:PS2M] at 0x60,0x64 irq 1,12
[    1.692562] serio: i8042 KBD port at 0x60,0x64 irq 1
[    1.694238] serio: i8042 AUX port at 0x60,0x64 irq 12
[    1.697074] mousedev: PS/2 mouse device common for all mice
[    1.699938] input: AT Translated Set 2 keyboard as /devices/platform/i8042/serio0/input/input2
[    1.704471] rtc_cmos rtc_cmos: rtc core: registered rtc_cmos as rtc0
[    1.706608] rtc_cmos rtc_cmos: alarms up to one day, 114 bytes nvram
[    1.708641] i2c /dev entries driver
[    1.709972] device-mapper: uevent: version 1.0.3
[    1.711538] device-mapper: ioctl: 4.34.0-ioctl (2015-10-28) initialised: dm-devel@redhat.com
[    1.714190] ledtrig-cpu: registered to indicate activity on CPUs
[    1.717109] NET: Registered protocol family 10
[    1.718797] NET: Registered protocol family 17
[    1.720222] Key type dns_resolver registered
[    1.722607] registered taskstats version 1
[    1.724064] Loading compiled-in X.509 certificates
[    1.726588] Loaded X.509 cert 'Build time autogenerated kernel key: 0ed82eac04367aa6426493b1389455ebf6830eaa'
[    1.729522] zswap: loaded using pool lzo/zbud
[    1.735091] Key type trusted registered
[    1.743990] Key type encrypted registered
[    1.745590] AppArmor: AppArmor sha1 policy hashing enabled
[    1.747822] ima: No TPM chip found, activating TPM-bypass!
[    1.749665] ima: Allocated hash algorithm: sha1
[    1.751336] evm: HMAC attrs: 0x1
[    1.753554]   Magic number: 7:860:826
[    1.755366] rtc_cmos rtc_cmos: setting system clock to 2019-10-16 08:48:31 UTC (1571215711)
[    1.759096] BIOS EDD facility v0.16 2004-Jun-25, 0 devices found
[    1.761583] EDD information not available.
[    1.825524] Freeing unused kernel memory: 1484K
[    1.829056] Write protecting the kernel read-only data: 14336k
[    1.834670] Freeing unused kernel memory: 1608K
[    1.838813] Freeing unused kernel memory: 64K
Loading, please wait...
starting version 229
[    1.881296] random: systemd-udevd: uninitialized urandom read (16 bytes read, 3 bits of entropy available)
[    1.884133] random: udevadm: uninitialized urandom read (16 bytes read, 3 bits of entropy available)
[    1.884225] random: udevadm: uninitialized urandom read (16 bytes read, 3 bits of entropy available)
[    1.906516] random: systemd-udevd: uninitialized urandom read (16 bytes read, 3 bits of entropy available)
[    1.915868] random: systemd-udevd: uninitialized urandom read (16 bytes read, 3 bits of entropy available)
[    1.917540] random: udevadm: uninitialized urandom read (16 bytes read, 3 bits of entropy available)
[    1.917654] random: udevadm: uninitialized urandom read (16 bytes read, 3 bits of entropy available)
[    1.918133] random: udevadm: uninitialized urandom read (16 bytes read, 3 bits of entropy available)
[    1.918406] random: udevadm: uninitialized urandom read (16 bytes read, 3 bits of entropy available)
[    1.918548] random: udevadm: uninitialized urandom read (16 bytes read, 3 bits of entropy available)
[    2.044850] e1000: Intel(R) PRO/1000 Network Driver - version 7.3.21-k8-NAPI
[    2.050023] e1000: Copyright (c) 1999-2006 Intel Corporation.
[    2.069069] Fusion MPT base driver 3.04.20
[    2.071601] Copyright (c) 1999-2008 LSI Corporation
[    2.097415] AVX2 version of gcm_enc/dec engaged.
[    2.098962] AES CTR mode by8 optimization enabled
[    2.102631] Fusion MPT SPI Host driver 3.04.20
[    2.299641] input: ImExPS/2 Generic Explorer Mouse as /devices/platform/i8042/serio1/input/input4
[    2.548329] e1000 0000:00:03.0 eth0: (PCI:33MHz:32-bit) 02:0e:9b:2d:5b:92
[    2.550978] e1000 0000:00:03.0 eth0: Intel(R) PRO/1000 Network Connection
[    3.036434] e1000 0000:00:08.0 eth1: (PCI:33MHz:32-bit) 08:00:27:fc:02:f7
[    3.041178] e1000 0000:00:08.0 eth1: Intel(R) PRO/1000 Network Connection
[    3.048428] mptbase: ioc0: Initiating bringup
[    3.053844] e1000 0000:00:03.0 enp0s3: renamed from eth0
[    3.063098] e1000 0000:00:08.0 enp0s8: renamed from eth1
[    3.115760] ioc0: LSI53C1030 A0: Capabilities={Initiator}
[    3.289207] scsi host2: ioc0: LSI53C1030 A0, FwRev=00000000h, Ports=1, MaxQ=256, IRQ=20
[    3.412007] scsi 2:0:0:0: Direct-Access     VBOX     HARDDISK         1.0  PQ: 0 ANSI: 5
[    3.420228] scsi target2:0:0: Beginning Domain Validation
[    3.433069] scsi target2:0:0: Domain Validation skipping write tests
[    3.438748] scsi target2:0:0: Ending Domain Validation
[    3.443400] scsi target2:0:0: asynchronous
[    3.449201] scsi 2:0:1:0: Direct-Access     VBOX     HARDDISK         1.0  PQ: 0 ANSI: 5
[    3.455754] scsi target2:0:1: Beginning Domain Validation
[    3.507263] scsi target2:0:1: Domain Validation skipping write tests
[    3.511216] scsi target2:0:1: Ending Domain Validation
[    3.515224] scsi target2:0:1: asynchronous
[    3.543702] sd 2:0:0:0: Attached scsi generic sg0 type 0
[    3.547556] sd 2:0:0:0: [sda] 20971520 512-byte logical blocks: (10.7 GB/10.0 GiB)
[    3.554553] sd 2:0:0:0: [sda] Write Protect is off
[    3.558978] sd 2:0:0:0: [sda] Incomplete mode parameter data
[    3.559244] sd 2:0:1:0: [sdb] 20480 512-byte logical blocks: (10.5 MB/10.0 MiB)
[    3.559345] sd 2:0:1:0: Attached scsi generic sg1 type 0
[    3.573984] sd 2:0:0:0: [sda] Assuming drive cache: write through
[    3.580952] sd 2:0:1:0: [sdb] Write Protect is off
[    3.587091] sd 2:0:1:0: [sdb] Incomplete mode parameter data
[    3.589454]  sda: sda1
[    3.594100] sd 2:0:1:0: [sdb] Assuming drive cache: write through
[    3.601393] sd 2:0:0:0: [sda] Attached SCSI disk
[    3.614934] sd 2:0:1:0: [sdb] Attached SCSI disk
Begin: Loading essential drivers ... [    5.568583] md: linear personality registered for level -1
[    5.575408] md: multipath personality registered for level -4
[    5.581948] md: raid0 personality registered for level 0
[    5.593676] md: raid1 personality registered for level 1
[    5.670354] raid6: sse2x1   gen()  7949 MB/s
[    5.738245] raid6: sse2x1   xor()  5014 MB/s
[    5.806182] raid6: sse2x2   gen()  7153 MB/s
[    5.874420] raid6: sse2x2   xor()  5099 MB/s
[    5.942218] raid6: sse2x4   gen()  8047 MB/s
[    6.010540] raid6: sse2x4   xor()  5807 MB/s
[    6.078343] raid6: avx2x1   gen()  7356 MB/s
[    6.146926] raid6: avx2x2   gen()  8691 MB/s
[    6.214205] raid6: avx2x4   gen() 11977 MB/s
[    6.216244] raid6: using algorithm avx2x4 gen() 11977 MB/s
[    6.218510] raid6: using avx2x2 recovery algorithm
[    6.222429] xor: automatically using best checksumming function:
[    6.262126]    avx       : 12488.000 MB/sec
[    6.267299] async_tx: api initialized (async)
[    6.286800] md: raid6 personality registered for level 6
[    6.289749] md: raid5 personality registered for level 5
[    6.291933] md: raid4 personality registered for level 4
[    6.309340] md: raid10 personality registered for level 10
done.
Begin: Running /scripts/init-premount ... done.
Begin: Mounting root file system ... Begin: Running /scripts/local-top ... done.
Begin: Running /scripts/local-premount ... [    6.375974] Btrfs loaded
Scanning for Btrfs filesystems
done.
Warning: fsck not present, so skipping root file system
[    6.415495] EXT4-fs (sda1): mounted filesystem with ordered data mode. Opts: (null)
done.
Begin: Running /scripts/local-bottom ... done.
Begin: Running /scripts/init-bottom ... done.
[    6.635846] systemd[1]: systemd 229 running in system mode. (+PAM +AUDIT +SELINUX +IMA +APPARMOR +SMACK +SYSVINIT +UTMP +LIBCRYPTSETUP +GCRYPT +GNUTLS +ACL +XZ -LZ4 +SECCOMP +BLKID +ELFUTILS +KMOD -IDN)
[    6.648881] systemd[1]: Detected virtualization oracle.
[    6.653306] systemd[1]: Detected architecture x86-64.

Welcome to [1mUbuntu 16.04.6 LTS[0m!

[    6.664553] systemd[1]: Set hostname to <ubuntu>.
[    6.673492] systemd[1]: Initializing machine ID from random generator.
[    6.678024] systemd[1]: Installed transient /etc/machine-id file.
[    6.979011] systemd[1]: Reached target System Time Synchronized.
[[0;32m  OK  [0m] Reached target System Time Synchronized.
[    6.989736] systemd[1]: Listening on Journal Socket (/dev/log).
[[0;32m  OK  [0m] Listening on Journal Socket (/dev/log).
[    6.998260] systemd[1]: Reached target Swap.
[[0;32m  OK  [0m] Reached target Swap.
[    7.005756] systemd[1]: Created slice User and Session Slice.
[[0;32m  OK  [0m] Created slice User and Session Slice.
[    7.013713] systemd[1]: Listening on LVM2 metadata daemon socket.
[[0;32m  OK  [0m] Listening on LVM2 metadata daemon socket.
[    7.021994] systemd[1]: Listening on Device-mapper event daemon FIFOs.
[[0;32m  OK  [0m] Listening on Device-mapper event daemon FIFOs.
[    7.030695] systemd[1]: Listening on udev Control Socket.
[[0;32m  OK  [0m] Listening on udev Control Socket.
[    7.038286] systemd[1]: Listening on udev Kernel Socket.
[[0;32m  OK  [0m] Listening on udev Kernel Socket.
[    7.047014] systemd[1]: Created slice System Slice.
[[0;32m  OK  [0m] Created slice System Slice.
[    7.054731] systemd[1]: Created slice system-serial\x2dgetty.slice.
[[0;32m  OK  [0m] Created slice system-serial\x2dgetty.slice.
[    7.071368] systemd[1]: Started Trigger resolvconf update for networkd DNS.
[[0;32m  OK  [0m] Started Trigger resolvconf update for networkd DNS.
[    7.088073] systemd[1]: Listening on Syslog Socket.
[[0;32m  OK  [0m] Listening on Syslog Socket.
[    7.095782] systemd[1]: Set up automount Arbitrary Executable File Formats File System Automount Point.
[[0;32m  OK  [0m] Set up automount Arbitrary Executab...ats File System Automount Point.
[    7.109633] systemd[1]: Started Forward Password Requests to Wall Directory Watch.
[[0;32m  OK  [0m] Started Forward Password Requests to Wall Directory Watch.
[    7.121911] systemd[1]: Listening on LVM2 poll daemon socket.
[[0;32m  OK  [0m] Listening on LVM2 poll daemon socket.
[    7.129887] systemd[1]: Reached target User and Group Name Lookups.
[[0;32m  OK  [0m] Reached target User and Group Name Lookups.
[    7.138705] systemd[1]: Reached target Encrypted Volumes.
[[0;32m  OK  [0m] Reached target Encrypted Volumes.
[    7.146047] systemd[1]: Listening on Journal Audit Socket.
[[0;32m  OK  [0m] Listening on Journal Audit Socket.
[    7.152756] systemd[1]: Listening on /dev/initctl Compatibility Named Pipe.
[[0;32m  OK  [0m] Listening on /dev/initctl Compatibility Named Pipe.
[    7.161142] systemd[1]: Reached target Slices.
[[0;32m  OK  [0m] Reached target Slices.
[    7.167054] systemd[1]: Listening on Journal Socket.
[[0;32m  OK  [0m] Listening on Journal Socket.
[    7.195437] systemd[1]: Starting Journal Service...
         Starting Journal Service...
[    7.210088] systemd[1]: Mounting Debug File System...
         Mounting Debug File System...
[    7.224317] systemd[1]: Mounting POSIX Message Queue File System...
         Mounting POSIX Message Queue File System...
[    7.236393] systemd[1]: Starting Remount Root and Kernel File Systems...
         Starting Remount Root and Kernel File Systems...
[    7.249715] systemd[1]: Starting Monitoring of LVM2 mirrors, snapshots etc. using dmeventd or progress polling...
         Starting Monitoring of LVM2 mirrors... dmeventd [    7.273541] EXT4-fs (sda1): re-mounted. Opts: (null)
or progress polling...
[    7.289174] systemd[1]: Starting Load Kernel Modules...
         Starting Load Kernel Modules...
[    7.327349] systemd[1]: Starting Create list of required static device nodes for the current kernel...
         Starting Create list of required st... nodes for the current kernel...
[    7.361128] systemd[1]: Starting Nameserver information manager...
[    7.368707] Loading iSCSI transport class v2.0-870.
         Starting Nameserver information manager...
[    7.380081] systemd[1]: Starting Uncomplicated firewall...
         Starting Uncomplicated firewall...
[    7.391283] systemd[1]: Mounting Huge Pages File System...
         Mounting Huge Pages File System...
[    7.398301] systemd[1]: Starting Set console keymap...
[    7.400616] iscsi: registered transport (tcp)
         Starting Set console keymap...
[    7.411676] systemd[1]: Mounted POSIX Message Queue File System.
[[0;32m  OK  [0m] Mounted POSIX Message Queue File System.
[    7.418048] systemd[1]: Mounted Debug File System.
[[0;32m  OK  [0m] Mounted Debug File System.
[    7.422743] systemd[1]: Mounted Huge Pages File System.
[[0;32m  OK  [0m] Mounted Huge Pages File System.
[    7.426363] systemd[1]: Started Journal Service.
[[0;32m  OK  [0m] Started Journal Service.
[[0;32m  OK  [0m] Started Remount Root and Kernel File Systems.
[[0;32m  OK  [0m] Started Create list of required sta...ce nodes for the current kernel.
[[0;32m  OK  [0m] Started Uncomplicated firewall.
[[0;32m  OK  [0m] Started Nameserver information manager.
[    7.521038] iscsi: registered transport (iser)
[[0;32m  OK  [0m] Started Load Kernel Modules.
         Starting Apply Kernel Variables...
         Mounting FUSE Control File System...
[[0;32m  OK  [0m] Started LVM2 metadata daemon.
[    7.588740] random: nonblocking pool is initialized
         Starting Create Static Device Nodes in /dev...
         Starting Load/Save Random Seed...
         Starting udev Coldplug all Devices...
         Starting Flush Journal to Persistent Storage...
[[0;32m  OK  [0m] Mounted FUSE Control File System.
[[0;32m  OK  [0m] Started Set console keymap.
[[0;32m  OK  [0m] Started Apply Kernel Variables.
[[0;32m  OK  [0m] Started Load/Save Random Seed.
[[0;32m  OK  [0m] Started Create Static Device Nodes in /dev.
[[0;32m  OK  [0m] Started Flush Journal to Persistent Storage.
[[0;32m  OK  [0m] Started udev Coldplug all Devices.
         Starting udev Kernel Device Manager...
[[0;32m  OK  [0m] Started udev Kernel Device Manager.
[[0;32m  OK  [0m] Started Dispatch Password Requests to Console Directory Watch.
[[0;32m  OK  [0m] Found device /dev/ttyS0.
[[0;32m  OK  [0m] Listening on Load/Save RF Kill Switch Status /dev/rfkill Watch.
[[0;32m  OK  [0m] Started Monitoring of LVM2 mirrors,...ng dmeventd or progress polling.
[[0;32m  OK  [0m] Reached target Local File Systems (Pre).
[[0;32m  OK  [0m] Reached target Local File Systems.
         Starting Initial cloud-init job (pre-networking)...
         Starting Commit a transient machine-id on disk...
         Starting Tell Plymouth To Write Out Runtime Data...
         Starting Create Volatile Files and Directories...
         Starting Set console font and keymap...
         Starting LSB: AppArmor initialization...
[[0;32m  OK  [0m] Started Commit a transient machine-id on disk.
[[0;32m  OK  [0m] Started Tell Plymouth To Write Out Runtime Data.
[[0;32m  OK  [0m] Started Create Volatile Files and Directories.
         Starting Update UTMP about System Boot/Shutdown...
[[0;32m  OK  [0m] Started Update UTMP about System Boot/Shutdown.
[    9.557430] cloud-init[557]: Cloud-init v. 19.2-36-g059d049c-0ubuntu1~16.04.1 running 'init-local' at Wed, 16 Oct 2019 08:48:38 +0000. Up 8.63 seconds.
[[0;32m  OK  [0m] Started Initial cloud-init job (pre-networking).
[[0;32m  OK  [0m] Reached target Network (Pre).
[[0;32m  OK  [0m] Started Set console font and keymap.
[[0;32m  OK  [0m] Created slice system-getty.slice.
[[0;32m  OK  [0m] Started LSB: AppArmor initialization.
         Starting Raise network interfaces...
[[0;32m  OK  [0m] Started Raise network interfaces.
[[0;32m  OK  [0m] Reached target Network.
         Starting Initial cloud-init job (metadata service crawler)...
[   14.185318] cloud-init[972]: Cloud-init v. 19.2-36-g059d049c-0ubuntu1~16.04.1 running 'init' at Wed, 16 Oct 2019 08:48:43 +0000. Up 12.91 seconds.
[   14.188956] cloud-init[972]: ci-info: ++++++++++++++++++++++++++++++++++++++Net device info++++++++++++++++++++++++++++++++++++++
[   14.195609] cloud-init[972]: ci-info: +--------+-------+---------------------------+---------------+--------+-------------------+
[   14.199645] cloud-init[972]: ci-info: | Device |   Up  |          Address          |      Mask     | Scope  |     Hw-Address    |
[   14.205586] cloud-init[972]: ci-info: +--------+-------+---------------------------+---------------+--------+-------------------+
[   14.210218] cloud-init[972]: ci-info: | enp0s3 |  True |         10.0.2.15         | 255.255.255.0 | global | 02:0e:9b:2d:5b:92 |
[   14.213388] cloud-init[972]: ci-info: | enp0s3 |  True | fe80::e:9bff:fe2d:5b92/64 |       .       |  link  | 02:0e:9b:2d:5b:92 |
[   14.217985] cloud-init[972]: ci-info: | enp0s8 | False |             .             |       .       |   .    | 08:00:27:fc:02:f7 |
[   14.221815] cloud-init[972]: ci-info: |   lo   |  True |         127.0.0.1         |   255.0.0.0   |  host  |         .         |
[   14.225786] cloud-init[972]: ci-info: |   lo   |  True |          ::1/128          |       .       |  host  |         .         |
[   14.228666] cloud-init[972]: ci-info: +--------+-------+---------------------------+---------------+--------+-------------------+
[   14.233293] cloud-init[972]: ci-info: +++++++++++++++++++++++++++Route IPv4 info++++++++++++++++++++++++++++
[   14.236151] cloud-init[972]: ci-info: +-------+-------------+----------+---------------+-----------+-------+
[   14.239723] cloud-init[972]: ci-info: | Route | Destination | Gateway  |    Genmask    | Interface | Flags |
[   14.242284] cloud-init[972]: ci-info: +-------+-------------+----------+---------------+-----------+-------+
[   14.244728] cloud-init[972]: ci-info: |   0   |   0.0.0.0   | 10.0.2.2 |    0.0.0.0    |   enp0s3  |   UG  |
[   14.247399] cloud-init[972]: ci-info: |   1   |   10.0.2.0  | 0.0.0.0  | 255.255.255.0 |   enp0s3  |   U   |
[   14.250256] cloud-init[972]: ci-info: +-------+-------------+----------+---------------+-----------+-------+
[   14.252916] cloud-init[972]: ci-info: +++++++++++++++++++Route IPv6 info+++++++++++++++++++
[   14.256161] cloud-init[972]: ci-info: +-------+-------------+---------+-----------+-------+
[   14.264884] [cloud-init[972]: ci-info: | Route | Destination | Gateway | Interface | Flags |[0;32m  OK  [0m
] Started Initial cloud-init job (metadata service crawler).
[   14.267672] cloud-init[972]: ci-info: +-------+-------------+---------+-----------+-------+
[   14.270626] [[0;32m  OK  [0m] Reached target System Initialization.
[[0;32m  OK  [0m] Started Daily apt download activities.
         Starting Socket activation for snappy daemon.
[[0;32m  OK  [0m] Listening on ACPID Listen Socket.
[[0;32m  OK  [0m] Started Daily Cleanup of Temporary Directories.
cloud-init[972]: ci-info: |   0   |  fe80::/64  |    ::   |   enp0s3  |   U   |
[   14.277934]          Starting LXD - unix socket.
[[0;32m  OK  [0m] Listening on UUID daemon activation socket.
[[0;32m  OK  [0m] Started Daily apt upgrade and clean activities.
[[0;32m  OK  [0m] Reached target Timers.
[[0;32m  OK  [0m] Listening on D-Bus System Message Bus Socket.
cloud-init[972]: ci-info: |   4   |   ff00::/8  |    ::   |   enp0s3  |   U   |[[0;32m  OK  [0m] Started ACPI Events Check.
[[0;32m  OK  [0m] Reached target Paths.
[[0;32m  OK  [0m] Reached target Network is Online.

[   14.287783] cloud-init[972]: ci-info: +-------+-------------+---------+-----------+-------+
[   14.290431] cloud-init[972]: Generating public/private rsa key pair.
[   14.292493] cloud-init[972]: Your identification has been saved in /etc/ssh/ssh_host_rsa_key.
[   14.295486] cloud-init[972]: Your public key has been saved in /etc/ssh/ssh_host_rsa_key.pub.
[   14.297780] cloud-init[972]: The key fingerprint is:
[   14.299880]          Starting iSCSI initiator daemon (iscsid)...
[[0;32m  OK  [0m] Reached target Cloud-config availability.
cloud-init[972]: SHA256:A/CzSDbkrQOn8OffR/hTC/kepxxLPMrapCpJ0tJZJz8 root@ubuntu-xenial
[   14.305407] [[0;32m  OK  [0m] Listening on Socket activation for snappy daemon.
[[0;32m  OK  [0m] Listening on LXD - unix socket.
cloud-init[972]: The key's randomart image is:
[   14.311721] cloud-init[972]: +---[RSA 2048]----+
[[0;32m  OK  [0m] Reached target Sockets.
[   14.314414] [[0;32m  OK  [0m] Reached target Basic System.
cloud-init[972]: |    o            |         Starting Accounts Service...

[   14.318242] [[0;32m  OK  [0m] Started ACPI event daemon.
[[0;32m  OK  [0m] Started FUSE filesystem for LXC.
cloud-init[972]: |   o +           |
[   14.325423] cloud-init[972]: |. . * =          |
         Starting Login Service...
         Starting /etc/rc.local Compatibility...
         Starting LSB: Record successful boot for GRUB...
[   14.338567] cloud-init[972]: | o * +o+.        |
[   14.346633] cloud-init[972]: |  oo=o.+S. .     |
[[0;32m  OK  [0m] Started Regular background program processing daemon.
[[0;32m  OK  [0m] Started Deferred execution scheduler.
         Starting Pollinate to seed the pseudo random number generator...
[[0;32m  OK  [0m] Started D-Bus System Message Bus.
[   14.361787] cloud-init[972]: |  oo=.  E.+..    |
[   14.376864] cloud-init[972]: |   +..   +.+*..  |
[   14.380207] cloud-init[972]: |    o. . =++oB   |
[   14.383914] cloud-init[972]: |     .o.+o+o=    |
[   14.385983] cloud-init[972]: +----[SHA256]-----+
[   14.394327] cloud-init[972]: Generating public/private dsa key pair.
[   14.396611] cloud-init[972]: Your identification has been saved in /etc/ssh/ssh_host_dsa_key.
[   14.398565] cloud-init[972]: Your public key has been saved in /etc/ssh/ssh_host_dsa_key.pub.
[   14.400251] cloud-init[972]: The key fingerprint is:
[   14.401695] cloud-init[972]: SHA256:QMvRvxoJUmFDs+lNaInyhZ5SD3OybLXy9lyNOEZ3G6A root@ubuntu-xenial
[   14.403579] cloud-init[972]: The key's randomart image is:
[   14.405081] cloud-init[972]: +---[DSA 1024]----+
[   14.406344] cloud-init[972]: |     .Oo         |
[   14.407389] cloud-init[972]: |     *.X.        |
[   14.408748] cloud-init[972]: |  . B.& ...      |
[   14.409806] cloud-init[972]: |   *.&.= ...     |
[   14.410802] cloud-init[972]: |  . O.+.E...o    |
[   14.411787] cloud-init[972]: |   o o .oo.+ o   |
[   14.413228] cloud-init[972]: |      o +oo o    |
[   14.417470] cloud-init[972]: |     . +.o       |
[   14.419130] cloud-init[972]: |        o        |
[   14.420918] cloud-init[972]: +----[SHA256]-----+
[   14.423136] cloud-init[972]: Generating public/private ecdsa key pair.
[   14.425747] cloud-init[972]: Your identification has been saved in /etc/ssh/ssh_host_ecdsa_key.
[   14.428335] cloud-init[972]: Your public key has been saved in /etc/ssh/ssh_host_ecdsa_key.pub.
[   14.430836] cloud-init[972]: The key fingerprint is:
[   14.432831] cloud-init[972]: SHA256:BIvBfC+8HatZDT77pbxcUNAzJbIPpnoUJwnjzNI0jFY root@ubuntu-xenial
[   14.435010] cloud-init[972]: The key's randomart image is:
[   14.436735] cloud-init[972]: +---[ECDSA 256]---+
[   14.439194] cloud-init[972]: |   o.+E   o....  |
[   14.440467] cloud-init[972]: |    =Oo* . ++.   |
[   14.441965] cloud-init[972]: |   .oo*.= = .o   |
[   14.443330] cloud-init[972]: |     .o.+* +     |
[   14.444530] cloud-init[972]: |       =S=. .    |
[   14.445723] cloud-init[972]: |      .o* ..     |
[   14.446934] cloud-init[972]: |      .+.o  o    |
[   14.448190]          Starting System Logging Service...
cloud-init[972]:          Starting Virtualbox guest utils...
|      o..o +     |         Starting LSB: MD monitoring daemon...
         Starting LXD - container startup/shutdown...

[   14.453376] cloud-init[972]: |         .*.     |         Starting Snappy daemon...
[[0;32m  OK  [0m] Started /etc/rc.local Compatibility.

[   14.460792] cloud-init[972]: +----[SHA256]-----+
[   14.462829] cloud-init[972]: Generating public/private ed25519 key pair.
[   14.464658] cloud-init[972]: Your identification has been saved in /etc/ssh/ssh_host_ed25519_key.
[   14.467783] cloud-init[972]: Your public key has been saved in /etc/ssh/ssh_host_ed25519_key.pub.
[   14.482225] cloud-init[972]: The key fingerprint is:
[   14.489675] cloud-init[972]: SHA256:Grmxgzq92o4AFVUBHTkXOy+MiUTrp4RecbE7VBkDNBY root@ubuntu-xenial
[   14.493933] cloud-init[972]: The key's randomart image is:
[   14.508233] cloud-init[972]: +--[ED25519 256]--+
[   14.516959] cloud-init[972]: |  ..+=E*=+       |
[   14.519992] cloud-init[972]: |   o o+=oo       |
[   14.529480] cloud-init[972]: |  . + +oo        |
[   14.532921] cloud-init[972]: | . + = * o       |
[   14.540326] cloud-init[972]: |. . = X S .      |
[   14.545207] [[0;32m  OK  [0m] Started iSCSI initiator daemon (iscsid).
cloud-init[972]: |.. o + B .       |
[   14.553609] cloud-init[972]: |. ..o =          |
[   14.556677] cloud-init[972]: | ..+.  .         |
[   14.560559] cloud-init[972]: |  +++.           |
[[0;32m  OK  [0m] Started System Logging Service.
[   14.571321] cloud-init[972]: +----[SHA256]-----+
[[0;32m  OK  [0m] Started LSB: Record successful boot for GRUB.
[[0;32m  OK  [0m] Started LSB: MD monitoring daemon.
[[0;32m  OK  [0m] Started Login Service.
[[0;32m  OK  [0m] Started Unattended Upgrades Shutdown.
         Starting Authenticate and Authorize Users to Run Privileged Tasks...
         Starting Login to default iSCSI targets...
[[0;32m  OK  [0m] Started LXD - container startup/shutdown.
[[0;32m  OK  [0m] Started Authenticate and Authorize Users to Run Privileged Tasks.
[[0;32m  OK  [0m] Started Accounts Service.
[[0;32m  OK  [0m] Started Login to default iSCSI targets.
[[0;32m  OK  [0m] Reached target Remote File Systems (Pre).
[[0;32m  OK  [0m] Reached target Remote File Systems.
         Starting LSB: automatic crash report generation...
         Starting Permit User Sessions...
         Starting LSB: Set the CPU Frequency Scaling governor to "ondemand"...
         Starting LSB: daemon to balance interrupts for SMP systems...
[[0;32m  OK  [0m] Started Permit User Sessions.
         Starting Hold until boot process finishes up...
         Starting Terminate Plymouth Boot Screen...
[[0;32m  OK  [0m] Started Virtualbox guest utils.
[[0;32m  OK  [0m] Started LSB: automatic crash report generation.
[[0;32m  OK  [0m] Started LSB: Set the CPU Frequency Scaling governor to "ondemand".
[[0;32m  OK  [0m] Started LSB: daemon to balance interrupts for SMP systems.
[[0;32m  OK  [0m] Started Hold until boot process finishes up.
[[0;32m  OK  [0m] Started Terminate Plymouth Boot Screen.
[[0;32m  OK  [0m] Started Serial Getty on ttyS0.
         Starting Set console scheme...
[[0;32m  OK  [0m] Started Getty on tty1.
[[0;32m  OK  [0m] Reached target Login Prompts.
[[0;32m  OK  [0m] Started Set console scheme.
[[0;32m  OK  [0m] Started Snappy daemon.
         Starting Wait until snapd is fully seeded...
[[0;32m  OK  [0m] Started Pollinate to seed the pseudo random number generator.
         Starting OpenBSD Secure Shell server...
[[0;32m  OK  [0m] Started OpenBSD Secure Shell server.
[[0;32m  OK  [0m] Started Wait until snapd is fully seeded.
[[0;32m  OK  [0m] Reached target Multi-User System.
[[0;32m  OK  [0m] Reached target Graphical Interface.
         Starting Update UTMP about System Runlevel Changes...
         Starting Apply the settings specified in cloud-config...
[[0;32m  OK  [0m] Started Update UTMP about System Runlevel Changes.
[   17.784651] cloud-init[1338]: Generating locales (this might take a while)...
[[0;32m  OK  [0m] Created slice User Slice of vagrant.
         Starting User Manager for UID 1000...
[[0;32m  OK  [0m] Started Session 1 of user vagrant.
[[0;32m  OK  [0m] Started User Manager for UID 1000.
[   19.725107] cloud-init[1338]:   en_US.UTF-8... done
[   19.726971] cloud-init[1338]: Generation complete.
[   20.402134] cloud-init[1338]: Cloud-init v. 19.2-36-g059d049c-0ubuntu1~16.04.1 running 'modules:config' at Wed, 16 Oct 2019 08:48:47 +0000. Up 17.50 seconds.

Ubuntu 16.04.6 LTS ubuntu-xenial ttyS0

ubuntu-xenial login: ci-info: no authorized ssh keys fingerprints found for user ubuntu.
<14>Oct 16 08:48:51 ec2: 
<14>Oct 16 08:48:51 ec2: #############################################################
<14>Oct 16 08:48:51 ec2: -----BEGIN SSH HOST KEY FINGERPRINTS-----
<14>Oct 16 08:48:51 ec2: 1024 SHA256:QMvRvxoJUmFDs+lNaInyhZ5SD3OybLXy9lyNOEZ3G6A root@ubuntu-xenial (DSA)
<14>Oct 16 08:48:51 ec2: 256 SHA256:BIvBfC+8HatZDT77pbxcUNAzJbIPpnoUJwnjzNI0jFY root@ubuntu-xenial (ECDSA)
<14>Oct 16 08:48:51 ec2: 256 SHA256:Grmxgzq92o4AFVUBHTkXOy+MiUTrp4RecbE7VBkDNBY root@ubuntu-xenial (ED25519)
<14>Oct 16 08:48:51 ec2: 2048 SHA256:A/CzSDbkrQOn8OffR/hTC/kepxxLPMrapCpJ0tJZJz8 root@ubuntu-xenial (RSA)
<14>Oct 16 08:48:51 ec2: -----END SSH HOST KEY FINGERPRINTS-----
<14>Oct 16 08:48:51 ec2: #############################################################
-----BEGIN SSH HOST KEY KEYS-----
ecdsa-sha2-nistp256 AAAAE2VjZHNhLXNoYTItbmlzdHAyNTYAAAAIbmlzdHAyNTYAAABBBEyaoRxyFrFTMlLr3la/UgKQ49Hb16shyXfzGGbk/cVMxEEc8Xo723G0wLFAbQNwcDGg/uuv0WUQQqqtWbvW5v0= root@ubuntu-xenial
ssh-ed25519 AAAAC3NzaC1lZDI1NTE5AAAAIJY8ZtAov5j7VpTiJRiOuJ89nLzTDavIL2y0F+gpxROK root@ubuntu-xenial
ssh-rsa AAAAB3NzaC1yc2EAAAADAQABAAABAQCaidj/vkhZRsQMUTuH/x9TSE+VSQ/lS5kExU9ceRuqIgF/+PT9Zm3MCEQnuo7YQiyN2Ix6wYO19/qXBW8hmLzROAgRQ+JSW5HLXaP4h/VDzNP9OS+UMoj1fYTDsclBvYXE306FL6YPo38k4GWSSjK9pPtuiFACopUrUWg49AqiSSZanFfNUrKoKTbBK3RgDVfTcr7d9EYmhh2pW9wSyou6N0QVPYvyeyXBwuZAIP5wVeYUaTrHIaBUkjJ7bCtx+5g6aqXO2tVDk0Re92ET6rXjKQSx9CPqPNqlm47sUrAlLTWUSW9ePaEqJAVioOcOnxE24UCYzD3ty9P31c/4li4b root@ubuntu-xenial
-----END SSH HOST KEY KEYS-----
[   21.686691] cloud-init[1484]: Cloud-init v. 19.2-36-g059d049c-0ubuntu1~16.04.1 running 'modules:final' at Wed, 16 Oct 2019 08:48:51 +0000. Up 21.33 seconds.
[   21.691742] cloud-init[1484]: ci-info: no authorized ssh keys fingerprints found for user ubuntu.
[   21.694916] cloud-init[1484]: Cloud-init v. 19.2-36-g059d049c-0ubuntu1~16.04.1 finished at Wed, 16 Oct 2019 08:48:51 +0000. Datasource DataSourceNoCloud [seed=/dev/sdb][dsmode=net].  Up 21.67 seconds
